2026-07-13 09:00 JST | Risk Committee Working Session | Cobalt Harbor
2026-07-13 09:02 JST | Agenda confirmed: AC-27 evidence quality, RISK-031 status,
                         and Q3 assurance sequencing.
2026-07-13 09:08 JST | Evidence coordinator summarized evidence set 184: access
                         review sample, reviewer record, exception register, and
                         retention index are present in the synthetic workspace.
2026-07-13 09:15 JST | Observation recorded: two review records need a clearer
                         link between a decision and the supporting checklist.
                         No unauthorized-access claim was made.
2026-07-13 09:22 JST | Decision RC-26-0713-01: retain RISK-031 as monitored until
                         the evidence-linking check is completed.
2026-07-13 09:25 JST | Owner: GRC lead. Action: approve the evidence-linking
                         review method by 2026-07-15.
2026-07-13 09:29 JST | Owner: control owner. Action: update the AC-27 index with
                         review date, reviewer role, and decision reference for
                         each selected item by 2026-07-17.
2026-07-13 09:34 JST | Owner: audit liaison. Action: test whether an independent
                         reviewer can locate the artifacts from the index without
                         relying on chat history by 2026-07-22.
2026-07-13 09:40 JST | Decision RC-26-0713-02: do not broaden the evidence request
                         to operational logs. The committee requests only metadata
                         and approved summaries appropriate for audit readiness.
2026-07-13 09:46 JST | Discussion: Aegis Control AC-27 remains designed as a
                         preventive-and-detective control; evidence quality will
                         be measured by traceability, timeliness, and independent
                         review rather than by volume of collected material.
2026-07-13 09:53 JST | Follow-up: committee secretariat will circulate a decision
                         summary, with owners and dates, by 2026-07-14 17:00 JST.
2026-07-13 10:00 JST | Meeting closed. Next checkpoint: 2026-07-22 10:00 JST.
