2026 07 20 Capture Intake Checkout Database Event Log Log
=========================================================

Northstar Transit Cloud | Checkout SVC-17 | incident INC-260713 | 2026-07-13
Checkout availability SLO: 99.95% over 30d; latency SLO: 99.0% below 400 ms. Remaining request-error allowance: error budget 2.4%.
Timeline: deployment 09:18 UTC; Q-07 warning 12,000 at 09:42; S2 09:47; rate limit 09:54; rollback approval 10:02; concurrency 10:11; Q-07 below 8,000/recovery 10:24; impact end 10:31; resolution 10:42 UTC; capacity headroom 31%.
Artifact p02-full-008217 / source p02-src-008217 / scope p02-secondary-03. Synthetic training record; no customer data, credentials, secrets, or Kio claims.

## Purpose
This 2026 07 20 capture intake checkout database event log log reference applies to downloads/inbox and binds to content spine IDs: org.ntc, inc.inc-260713, rel.archive.closed, date.2026-07-20, term.no-kio-claim.

## Escalation criteria
Page at Q-07 critical 24,000 jobs or one-hour burn 14.6x. Preserve the 99.95% availability and 99.0% below-400-ms latency objectives.

## Decision notes
Treat removed queue-pressure guardrail as the initiating change. Identity p95 was 286 ms, below its 350 ms page threshold, and was load-degraded only.

Record fingerprint: df8653b7be5a2f85
2026-07-13T09:18:00Z INFO incident=p02-full-008217 event=deployment_started service=Checkout_SVC-17
2026-07-13T09:42:00Z INFO incident=p02-full-008217 event=queue_warning service=Checkout_SVC-17
2026-07-13T09:47:00Z INFO incident=p02-full-008217 event=severity_declared service=Checkout_SVC-17
2026-07-13T09:54:00Z INFO incident=p02-full-008217 event=rate_limit_enabled service=Checkout_SVC-17
2026-07-13T10:02:00Z INFO incident=p02-full-008217 event=rollback_approved service=Checkout_SVC-17
2026-07-13T10:11:00Z INFO incident=p02-full-008217 event=concurrency_increased service=Checkout_SVC-17
2026-07-13T10:24:00Z INFO incident=p02-full-008217 event=recovery_observed service=Checkout_SVC-17
2026-07-13T10:31:00Z INFO incident=p02-full-008217 event=impact_closed service=Checkout_SVC-17
2026-07-13T10:42:00Z INFO incident=p02-full-008217 event=resolved service=Checkout_SVC-17
