2026 07 20 Closed Operations Record Identity Cache Event Log Log
================================================================

Northstar Transit Cloud | Checkout SVC-17 | incident INC-260713 | 2026-07-13
Checkout availability SLO: 99.95% over 30d; latency SLO: 99.0% below 400 ms. Remaining request-error allowance: error budget 2.4%.
Timeline: deployment 09:18 UTC; Q-07 warning 12,000 at 09:42; S2 09:47; rate limit 09:54; rollback approval 10:02; concurrency 10:11; Q-07 below 8,000/recovery 10:24; impact end 10:31; resolution 10:42 UTC; capacity headroom 31%.
Artifact p02-full-007760 / source p02-src-007760 / scope p02-secondary-08. Synthetic training record; no customer data, credentials, secrets, or Kio claims.

## Purpose
This 2026 07 20 closed operations record identity cache event log log reference applies to archive/closed and binds to content spine IDs: org.ntc, inc.inc-260628, rel.archive.closed, date.2026-07-20, term.no-kio-claim.

## Operating evidence
Baseline 1,850 requests/s rose to 2,420 requests/s; Q-07 peaked at 38,420 jobs and drained at 1,460 jobs/min.

## Decision notes
Treat removed queue-pressure guardrail as the initiating change. Identity p95 was 286 ms, below its 350 ms page threshold, and was load-degraded only.

Record fingerprint: b74ba2f7f068778d
2026-07-13T09:18:00Z INFO incident=p02-full-007760 event=deployment_started service=Checkout_SVC-17
2026-07-13T09:42:00Z INFO incident=p02-full-007760 event=queue_warning service=Checkout_SVC-17
2026-07-13T09:47:00Z INFO incident=p02-full-007760 event=severity_declared service=Checkout_SVC-17
2026-07-13T09:54:00Z INFO incident=p02-full-007760 event=rate_limit_enabled service=Checkout_SVC-17
2026-07-13T10:02:00Z INFO incident=p02-full-007760 event=rollback_approved service=Checkout_SVC-17
2026-07-13T10:11:00Z INFO incident=p02-full-007760 event=concurrency_increased service=Checkout_SVC-17
2026-07-13T10:24:00Z INFO incident=p02-full-007760 event=recovery_observed service=Checkout_SVC-17
2026-07-13T10:31:00Z INFO incident=p02-full-007760 event=impact_closed service=Checkout_SVC-17
2026-07-13T10:42:00Z INFO incident=p02-full-007760 event=resolved service=Checkout_SVC-17
